2026-03-13 18:01:07.724 [info] [main] Log level: Info
2026-03-13 18:01:07.724 [info] [main] Validating found git in: "git"
2026-03-13 18:01:07.724 [info] [main] Using git "2.51.0" from "git"
2026-03-13 18:01:07.724 [info] [Model][doInitialScan] Initial repository scan started
2026-03-13 18:01:07.724 [info] > git rev-parse --show-toplevel [10ms]
2026-03-13 18:01:07.724 [info] fatal: not a git repository (or any of the parent directories): .git
2026-03-13 18:01:07.724 [info] > git rev-parse --show-toplevel [1ms]
2026-03-13 18:01:07.724 [info] fatal: not a git repository (or any of the parent directories): .git
2026-03-13 18:01:07.724 [info] > git rev-parse --show-toplevel [1ms]
2026-03-13 18:01:07.724 [info] fatal: not a git repository (or any of the parent directories): .git
2026-03-13 18:01:07.724 [info] > git rev-parse --show-toplevel [1ms]
2026-03-13 18:01:07.724 [info] fatal: not a git repository (or any of the parent directories): .git
2026-03-13 18:01:07.724 [info] [Model][doInitialScan] Initial repository scan completed - repositories (0), closed repositories (0), parent repositories (0), unsafe repositories (0)
2026-03-13 18:01:08.334 [info] > git rev-parse --show-toplevel [4ms]
2026-03-13 18:01:08.334 [info] fatal: not a git repository (or any of the parent directories): .git
2026-03-13 18:01:21.124 [info] [main] Log level: Info
2026-03-13 18:01:21.124 [info] [main] Validating found git in: "git"
2026-03-13 18:01:21.124 [info] [main] Using git "2.51.0" from "git"
2026-03-13 18:01:21.124 [info] [Model][doInitialScan] Initial repository scan started
2026-03-13 18:01:21.124 [info] [Model][doInitialScan] Initial repository scan completed - repositories (0), closed repositories (0), parent repositories (0), unsafe repositories (0)
2026-03-13 18:01:28.747 [info] [main] Log level: Info
2026-03-13 18:01:28.747 [info] [main] Validating found git in: "git"
2026-03-13 18:01:28.747 [info] [main] Using git "2.51.0" from "git"
2026-03-13 18:01:28.747 [info] [Model][doInitialScan] Initial repository scan started
2026-03-13 18:01:28.747 [info] > git rev-parse --show-toplevel [7ms]
2026-03-13 18:01:28.747 [info] fatal: not a git repository (or any of the parent directories): .git
2026-03-13 18:01:28.748 [info] > git rev-parse --show-toplevel [1ms]
2026-03-13 18:01:28.748 [info] fatal: not a git repository (or any of the parent directories): .git
2026-03-13 18:01:28.752 [info] > git rev-parse --show-toplevel [1ms]
2026-03-13 18:01:28.752 [info] fatal: not a git repository (or any of the parent directories): .git
2026-03-13 18:01:28.752 [info] [Model][doInitialScan] Initial repository scan completed - repositories (0), closed repositories (0), parent repositories (0), unsafe repositories (0)
2026-03-13 18:01:30.370 [info] > git rev-parse --show-toplevel [6ms]
2026-03-13 18:01:30.370 [info] fatal: not a git repository (or any of the parent directories): .git
2026-03-13 18:02:45.547 [info] > git rev-parse --show-toplevel [1ms]
2026-03-13 18:02:45.547 [info] fatal: not a git repository (or any of the parent directories): .git
2026-03-13 18:02:45.556 [info] > git rev-parse --show-toplevel [1ms]
2026-03-13 18:02:45.556 [info] fatal: not a git repository (or any of the parent directories): .git
2026-03-13 18:02:45.561 [info] > git rev-parse --show-toplevel [0ms]
2026-03-13 18:02:45.561 [info] fatal: not a git repository (or any of the parent directories): .git
