2025-10-20 15:03:27.712 [info] Extension host with pid 2111 started
2025-10-20 15:03:27.734 [info] ExtensionService#_doActivateExtension vscode.git-base, startup: true, activationEvent: '*', root cause: vscode.git
2025-10-20 15:03:27.740 [info] ExtensionService#_doActivateExtension vscode.git, startup: true, activationEvent: '*'
2025-10-20 15:03:27.781 [info] ExtensionService#_doActivateExtension vscode.github, startup: true, activationEvent: '*'
2025-10-20 15:03:27.855 [info] Eager extensions activated
2025-10-20 15:03:27.856 [info] ExtensionService#_doActivateExtension vscode.debug-auto-launch, startup: false, activationEvent: 'onStartupFinished'
2025-10-20 15:03:27.859 [info] ExtensionService#_doActivateExtension vscode.merge-conflict, startup: false, activationEvent: 'onStartupFinished'
2025-10-20 15:03:27.877 [info] ExtensionService#_doActivateExtension naumovs.color-highlight, startup: false, activationEvent: 'onStartupFinished'
2025-10-20 15:04:10.854 [info] Extension host terminating: renderer closed the MessagePort
2025-10-20 15:04:10.858 [info] Extension host with pid 2111 exiting with code 0
2025-10-20 15:04:12.118 [info] Extension host with pid 2157 started
2025-10-20 15:04:12.118 [info] Skipping acquiring lock for /home/atipique_/.config/VSCodium/User/workspaceStorage/6330dcf60cbfaefac0e453a9c1986dc1.
2025-10-20 15:04:12.133 [info] ExtensionService#_doActivateExtension vscode.git-base, startup: true, activationEvent: '*', root cause: vscode.git
2025-10-20 15:04:12.138 [info] ExtensionService#_doActivateExtension vscode.git, startup: true, activationEvent: '*'
2025-10-20 15:04:12.181 [info] ExtensionService#_doActivateExtension vscode.github, startup: true, activationEvent: '*'
2025-10-20 15:04:12.277 [info] Eager extensions activated
2025-10-20 15:04:12.279 [info] ExtensionService#_doActivateExtension vscode.debug-auto-launch, startup: false, activationEvent: 'onStartupFinished'
2025-10-20 15:04:12.281 [info] ExtensionService#_doActivateExtension vscode.merge-conflict, startup: false, activationEvent: 'onStartupFinished'
2025-10-20 15:04:12.297 [info] ExtensionService#_doActivateExtension naumovs.color-highlight, startup: false, activationEvent: 'onStartupFinished'
2025-10-20 15:04:23.407 [info] ExtensionService#_doActivateExtension vscode.configuration-editing, startup: false, activationEvent: 'onLanguage:jsonc'
2025-10-20 15:04:23.417 [info] ExtensionService#_doActivateExtension vscode.json-language-features, startup: false, activationEvent: 'onLanguage:jsonc'
2025-10-20 15:04:23.483 [info] ExtensionService#_doActivateExtension vscode.typescript-language-features, startup: false, activationEvent: 'onLanguage:jsonc'
2025-10-20 15:04:23.560 [info] ExtensionService#_doActivateExtension vscode.emmet, startup: false, activationEvent: 'onLanguage'
2025-10-20 15:15:23.150 [info] ExtensionService#_doActivateExtension vscode.css-language-features, startup: false, activationEvent: 'onLanguage:css'
2025-10-20 15:21:43.150 [info] Extension host terminating: renderer closed the MessagePort
2025-10-20 15:21:43.160 [info] Extension host with pid 2157 exiting with code 0
