2025-10-20 15:22:17.285 [info] [main] Log level: Info
2025-10-20 15:22:17.285 [info] [main] Validating found git in: "git"
2025-10-20 15:22:17.285 [info] [main] Using git "2.51.0" from "git"
2025-10-20 15:22:17.285 [info] [Model][doInitialScan] Initial repository scan started
2025-10-20 15:22:17.285 [info] [Model][doInitialScan] Initial repository scan completed - repositories (0), closed repositories (0), parent repositories (0), unsafe repositories (0)
2025-10-20 15:22:23.079 [info] [main] Log level: Info
2025-10-20 15:22:23.079 [info] [main] Validating found git in: "git"
2025-10-20 15:22:23.079 [info] [main] Using git "2.51.0" from "git"
2025-10-20 15:22:23.079 [info] [Model][doInitialScan] Initial repository scan started
2025-10-20 15:22:23.079 [info] > git rev-parse --show-toplevel [8ms]
2025-10-20 15:22:23.079 [info] fatal: not a git repository (or any of the parent directories): .git
2025-10-20 15:22:23.087 [info] > git rev-parse --show-toplevel [2ms]
2025-10-20 15:22:23.087 [info] fatal: not a git repository (or any of the parent directories): .git
2025-10-20 15:22:23.088 [info] [Model][doInitialScan] Initial repository scan completed - repositories (0), closed repositories (0), parent repositories (0), unsafe repositories (0)
2025-10-20 15:22:24.225 [info] > git rev-parse --show-toplevel [2ms]
2025-10-20 15:22:24.225 [info] fatal: not a git repository (or any of the parent directories): .git
2025-10-20 15:22:33.393 [info] > git rev-parse --show-toplevel [2ms]
2025-10-20 15:22:33.393 [info] fatal: not a git repository (or any of the parent directories): .git
2025-10-20 15:24:25.327 [info] > git rev-parse --show-toplevel [2ms]
2025-10-20 15:24:25.327 [info] fatal: not a git repository (or any of the parent directories): .git
2025-10-20 15:24:40.829 [info] > git rev-parse --show-toplevel [2ms]
2025-10-20 15:24:40.829 [info] fatal: not a git repository (or any of the parent directories): .git
