2025-10-20 15:00:08.160 [info] Extension host with pid 1189 started
2025-10-20 15:00:08.184 [info] ExtensionService#_doActivateExtension vscode.git-base, startup: true, activationEvent: '*', root cause: vscode.git
2025-10-20 15:00:08.196 [info] ExtensionService#_doActivateExtension vscode.git, startup: true, activationEvent: '*'
2025-10-20 15:00:08.263 [info] ExtensionService#_doActivateExtension vscode.github, startup: true, activationEvent: '*'
2025-10-20 15:00:16.141 [info] Eager extensions activated
2025-10-20 15:00:16.174 [info] ExtensionService#_doActivateExtension vscode.debug-auto-launch, startup: false, activationEvent: 'onStartupFinished'
2025-10-20 15:00:16.177 [info] ExtensionService#_doActivateExtension vscode.merge-conflict, startup: false, activationEvent: 'onStartupFinished'
2025-10-20 15:00:16.197 [info] ExtensionService#_doActivateExtension naumovs.color-highlight, startup: false, activationEvent: 'onStartupFinished'
2025-10-20 15:00:51.950 [info] Extension host terminating: renderer closed the MessagePort
2025-10-20 15:00:51.956 [info] Extension host with pid 1189 exiting with code 0
2025-10-20 15:00:53.177 [info] Extension host with pid 1244 started
2025-10-20 15:00:53.177 [info] Skipping acquiring lock for /home/atipique_/.config/VSCodium/User/workspaceStorage/023b154704b5d3e9d1691a7873152a63.
2025-10-20 15:00:53.190 [info] ExtensionService#_doActivateExtension vscode.git-base, startup: true, activationEvent: '*', root cause: vscode.git
2025-10-20 15:00:53.195 [info] ExtensionService#_doActivateExtension vscode.git, startup: true, activationEvent: '*'
2025-10-20 15:00:53.234 [info] ExtensionService#_doActivateExtension vscode.github, startup: true, activationEvent: '*'
2025-10-20 15:00:53.342 [info] ExtensionService#_doActivateExtension vscode.emmet, startup: false, activationEvent: 'onLanguage'
2025-10-20 15:00:53.370 [info] Eager extensions activated
2025-10-20 15:00:53.388 [info] ExtensionService#_doActivateExtension vscode.debug-auto-launch, startup: false, activationEvent: 'onStartupFinished'
2025-10-20 15:00:53.391 [info] ExtensionService#_doActivateExtension vscode.merge-conflict, startup: false, activationEvent: 'onStartupFinished'
2025-10-20 15:00:53.407 [info] ExtensionService#_doActivateExtension naumovs.color-highlight, startup: false, activationEvent: 'onStartupFinished'
2025-10-20 15:01:10.213 [info] ExtensionService#_doActivateExtension vscode.configuration-editing, startup: false, activationEvent: 'onLanguage:json'
2025-10-20 15:01:10.225 [info] ExtensionService#_doActivateExtension vscode.extension-editing, startup: false, activationEvent: 'onLanguage:json'
2025-10-20 15:01:10.273 [info] ExtensionService#_doActivateExtension vscode.json-language-features, startup: false, activationEvent: 'onLanguage:json'
2025-10-20 15:01:10.365 [info] ExtensionService#_doActivateExtension vscode.npm, startup: false, activationEvent: 'onLanguage:json'
2025-10-20 15:01:11.731 [info] ExtensionService#_doActivateExtension vscode.css-language-features, startup: false, activationEvent: 'onLanguage:css'
2025-10-20 15:03:11.654 [info] Extension host terminating: renderer closed the MessagePort
2025-10-20 15:03:11.674 [info] Extension host with pid 1244 exiting with code 0
