2025-10-20 15:22:17.019 [info] Extension host with pid 4303 started
2025-10-20 15:22:17.117 [info] ExtensionService#_doActivateExtension vscode.git-base, startup: true, activationEvent: '*', root cause: vscode.git
2025-10-20 15:22:17.150 [info] ExtensionService#_doActivateExtension vscode.git, startup: true, activationEvent: '*'
2025-10-20 15:22:17.199 [info] ExtensionService#_doActivateExtension vscode.github, startup: true, activationEvent: '*'
2025-10-20 15:22:17.292 [info] Eager extensions activated
2025-10-20 15:22:17.294 [info] ExtensionService#_doActivateExtension vscode.debug-auto-launch, startup: false, activationEvent: 'onStartupFinished'
2025-10-20 15:22:17.297 [info] ExtensionService#_doActivateExtension vscode.merge-conflict, startup: false, activationEvent: 'onStartupFinished'
2025-10-20 15:22:17.319 [info] ExtensionService#_doActivateExtension naumovs.color-highlight, startup: false, activationEvent: 'onStartupFinished'
2025-10-20 15:22:21.243 [info] Extension host terminating: renderer closed the MessagePort
2025-10-20 15:22:21.249 [info] Extension host with pid 4303 exiting with code 0
2025-10-20 15:22:22.511 [info] Extension host with pid 4372 started
2025-10-20 15:22:22.512 [info] Skipping acquiring lock for /home/atipique_/.config/VSCodium/User/workspaceStorage/3f2addecda7bf3ab6a12bd0c5ba7714d.
2025-10-20 15:22:22.544 [info] ExtensionService#_doActivateExtension vscode.emmet, startup: false, activationEvent: 'onLanguage'
2025-10-20 15:22:22.586 [info] ExtensionService#_doActivateExtension vscode.css-language-features, startup: false, activationEvent: 'onLanguage:css'
2025-10-20 15:22:22.954 [info] ExtensionService#_doActivateExtension vscode.git-base, startup: true, activationEvent: '*', root cause: vscode.git
2025-10-20 15:22:22.959 [info] ExtensionService#_doActivateExtension vscode.git, startup: true, activationEvent: '*'
2025-10-20 15:22:23.004 [info] ExtensionService#_doActivateExtension vscode.github, startup: true, activationEvent: '*'
2025-10-20 15:22:23.123 [info] Eager extensions activated
2025-10-20 15:22:23.124 [info] ExtensionService#_doActivateExtension vscode.debug-auto-launch, startup: false, activationEvent: 'onStartupFinished'
2025-10-20 15:22:23.126 [info] ExtensionService#_doActivateExtension vscode.merge-conflict, startup: false, activationEvent: 'onStartupFinished'
2025-10-20 15:22:23.142 [info] ExtensionService#_doActivateExtension naumovs.color-highlight, startup: false, activationEvent: 'onStartupFinished'
2025-10-20 15:22:34.223 [info] ExtensionService#_doActivateExtension vscode.configuration-editing, startup: false, activationEvent: 'onLanguage:json'
2025-10-20 15:22:34.231 [info] ExtensionService#_doActivateExtension vscode.extension-editing, startup: false, activationEvent: 'onLanguage:json'
2025-10-20 15:22:34.244 [info] ExtensionService#_doActivateExtension vscode.json-language-features, startup: false, activationEvent: 'onLanguage:json'
2025-10-20 15:22:34.317 [info] ExtensionService#_doActivateExtension vscode.npm, startup: false, activationEvent: 'onLanguage:json'
2025-10-20 15:24:58.866 [info] Extension host terminating: renderer closed the MessagePort
2025-10-20 15:24:58.891 [info] Extension host with pid 4372 exiting with code 0
