2025-10-20 15:25:45.464 [info] [main] Log level: Info
2025-10-20 15:25:45.464 [info] [main] Validating found git in: "git"
2025-10-20 15:25:45.464 [info] [main] Using git "2.51.0" from "git"
2025-10-20 15:25:45.464 [info] [Model][doInitialScan] Initial repository scan started
2025-10-20 15:25:45.464 [info] [Model][doInitialScan] Initial repository scan completed - repositories (0), closed repositories (0), parent repositories (0), unsafe repositories (0)
2025-10-20 15:25:49.186 [info] [main] Log level: Info
2025-10-20 15:25:49.186 [info] [main] Validating found git in: "git"
2025-10-20 15:25:49.186 [info] [main] Using git "2.51.0" from "git"
2025-10-20 15:25:49.186 [info] [Model][doInitialScan] Initial repository scan started
2025-10-20 15:25:49.186 [info] > git rev-parse --show-toplevel [1ms]
2025-10-20 15:25:49.186 [info] fatal: not a git repository (or any of the parent directories): .git
2025-10-20 15:25:49.188 [info] > git rev-parse --show-toplevel [3ms]
2025-10-20 15:25:49.188 [info] fatal: not a git repository (or any of the parent directories): .git
2025-10-20 15:25:49.194 [info] > git rev-parse --show-toplevel [1ms]
2025-10-20 15:25:49.194 [info] fatal: not a git repository (or any of the parent directories): .git
2025-10-20 15:25:49.195 [info] [Model][doInitialScan] Initial repository scan completed - repositories (0), closed repositories (0), parent repositories (0), unsafe repositories (0)
2025-10-20 15:25:50.296 [info] > git rev-parse --show-toplevel [2ms]
2025-10-20 15:25:50.296 [info] fatal: not a git repository (or any of the parent directories): .git
2025-10-20 15:25:50.466 [info] > git rev-parse --show-toplevel [2ms]
2025-10-20 15:25:50.466 [info] fatal: not a git repository (or any of the parent directories): .git
2025-10-20 15:26:12.349 [info] > git rev-parse --show-toplevel [2ms]
2025-10-20 15:26:12.349 [info] fatal: not a git repository (or any of the parent directories): .git
2025-10-20 15:26:27.665 [info] > git rev-parse --show-toplevel [1ms]
2025-10-20 15:26:27.665 [info] fatal: not a git repository (or any of the parent directories): .git
2025-10-20 15:26:44.942 [info] > git rev-parse --show-toplevel [1ms]
2025-10-20 15:26:44.942 [info] fatal: not a git repository (or any of the parent directories): .git
2025-10-20 15:26:53.191 [info] > git rev-parse --show-toplevel [2ms]
2025-10-20 15:26:53.191 [info] fatal: not a git repository (or any of the parent directories): .git
2025-10-20 15:29:05.443 [info] > git rev-parse --show-toplevel [1ms]
2025-10-20 15:29:05.444 [info] fatal: not a git repository (or any of the parent directories): .git
2025-10-20 15:29:23.554 [info] > git rev-parse --show-toplevel [2ms]
2025-10-20 15:29:23.554 [info] fatal: not a git repository (or any of the parent directories): .git
