2025-10-20 15:00:02.667 [info] [main] Log level: Info
2025-10-20 15:00:02.667 [info] [main] Validating found git in: "git"
2025-10-20 15:00:02.667 [info] [main] Using git "2.51.0" from "git"
2025-10-20 15:00:02.667 [info] [Model][doInitialScan] Initial repository scan started
2025-10-20 15:00:02.667 [info] > git rev-parse --show-toplevel [8ms]
2025-10-20 15:00:02.667 [info] fatal: not a git repository (or any of the parent directories): .git
2025-10-20 15:00:02.667 [info] > git rev-parse --show-toplevel [2ms]
2025-10-20 15:00:02.667 [info] fatal: not a git repository (or any of the parent directories): .git
2025-10-20 15:00:02.667 [info] > git rev-parse --show-toplevel [2ms]
2025-10-20 15:00:02.667 [info] fatal: not a git repository (or any of the parent directories): .git
2025-10-20 15:00:02.667 [info] > git rev-parse --show-toplevel [4ms]
2025-10-20 15:00:02.667 [info] fatal: not a git repository (or any of the parent directories): .git
2025-10-20 15:00:02.667 [info] [Model][doInitialScan] Initial repository scan completed - repositories (0), closed repositories (0), parent repositories (0), unsafe repositories (0)
2025-10-20 15:00:03.338 [info] > git rev-parse --show-toplevel [2ms]
2025-10-20 15:00:03.338 [info] fatal: not a git repository (or any of the parent directories): .git
2025-10-20 15:00:52.021 [info] > git rev-parse --show-toplevel [8ms]
2025-10-20 15:00:52.021 [info] fatal: not a git repository (or any of the parent directories): .git
2025-10-20 15:01:01.856 [info] > git rev-parse --show-toplevel [3ms]
2025-10-20 15:01:01.856 [info] fatal: not a git repository (or any of the parent directories): .git
2025-10-20 15:01:01.899 [info] > git rev-parse --show-toplevel [1ms]
2025-10-20 15:01:01.899 [info] fatal: not a git repository (or any of the parent directories): .git
2025-10-20 15:01:02.508 [info] > git rev-parse --show-toplevel [1ms]
2025-10-20 15:01:02.508 [info] fatal: not a git repository (or any of the parent directories): .git
2025-10-20 15:01:17.984 [info] > git rev-parse --show-toplevel [1ms]
2025-10-20 15:01:17.984 [info] fatal: not a git repository (or any of the parent directories): .git
2025-10-20 15:01:32.585 [info] > git rev-parse --show-toplevel [1ms]
2025-10-20 15:01:32.585 [info] fatal: not a git repository (or any of the parent directories): .git
2025-10-20 15:01:35.136 [info] > git rev-parse --show-toplevel [2ms]
2025-10-20 15:01:35.136 [info] fatal: not a git repository (or any of the parent directories): .git
2025-10-20 15:01:44.356 [info] > git rev-parse --show-toplevel [1ms]
2025-10-20 15:01:44.356 [info] fatal: not a git repository (or any of the parent directories): .git
2025-10-20 15:03:16.764 [info] [main] Log level: Info
2025-10-20 15:03:16.764 [info] [main] Validating found git in: "git"
2025-10-20 15:03:16.764 [info] [main] Using git "2.51.0" from "git"
2025-10-20 15:03:16.764 [info] [Model][doInitialScan] Initial repository scan started
2025-10-20 15:03:16.764 [info] [Model][doInitialScan] Initial repository scan completed - repositories (0), closed repositories (0), parent repositories (0), unsafe repositories (0)
2025-10-20 15:03:20.601 [info] [main] Log level: Info
2025-10-20 15:03:20.601 [info] [main] Validating found git in: "git"
2025-10-20 15:03:20.601 [info] [main] Using git "2.51.0" from "git"
2025-10-20 15:03:20.601 [info] [Model][doInitialScan] Initial repository scan started
2025-10-20 15:03:20.601 [info] > git rev-parse --show-toplevel [12ms]
2025-10-20 15:03:20.601 [info] fatal: not a git repository (or any of the parent directories): .git
2025-10-20 15:03:20.601 [info] [Model][doInitialScan] Initial repository scan completed - repositories (0), closed repositories (0), parent repositories (0), unsafe repositories (0)
2025-10-20 15:03:21.886 [info] > git rev-parse --show-toplevel [2ms]
2025-10-20 15:03:21.886 [info] fatal: not a git repository (or any of the parent directories): .git
2025-10-20 15:03:22.318 [info] > git rev-parse --show-toplevel [2ms]
2025-10-20 15:03:22.318 [info] fatal: not a git repository (or any of the parent directories): .git
2025-10-20 15:08:04.703 [info] > git rev-parse --show-toplevel [2ms]
2025-10-20 15:08:04.703 [info] fatal: not a git repository (or any of the parent directories): .git
2025-10-20 15:15:10.480 [info] > git rev-parse --show-toplevel [3ms]
2025-10-20 15:15:10.481 [info] fatal: not a git repository (or any of the parent directories): .git
